   Compiling rokoko v0.1.0 (/home/osadnim1/cowboys-and-aliens)
    Finished `release` profile [optimized] target(s) in 16.90s
     Running `target/release/rokoko`
Using p28...
Sumcheck unsafe...
✓ AVX-512F is enabled in runtime detection and available on this CPU
✓✓ AVX-512F is enabled at compile time
✓ AVX-512DQ is enabled in runtime detection and available on this CPU
✓✓ AVX-512DQ is enabled at compile time
✓ AVX-512VBMI2 is enabled in runtime detection and available on this CPU
✓✓ AVX-512VBMI2 is enabled at compile time
CPU features for incomplete-rexl:
  AVX-512DQ: ✓
  AVX-512IFMA: ✓
  AVX-512VBMI2: ✓
  NEON: ✗
Using CRT commitment...
Using parallel commitment...
Expected repetition rate for challenge set: 1.88
Running executor...
TOTAL CRS gen time: 1506765048 ns
TOTAL Commit time: 382777937 ns
TOTAL Prover time: 3789925048 ns
Total proof size: 100.4560546875 KB
Wire proof size: 112.216796875 KB (serialise 0.772 ms, deserialise 0.488 ms)
TOTAL Verifier time: 10755808 ns
