   Compiling rokoko v0.1.0 (/home/osadnim1/cowboys-and-aliens)
    Finished `release` profile [optimized] target(s) in 16.85s
     Running `target/release/rokoko`
Using p30...
Sumcheck unsafe...
✓ AVX-512F is enabled in runtime detection and available on this CPU
✓✓ AVX-512F is enabled at compile time
✓ AVX-512DQ is enabled in runtime detection and available on this CPU
✓✓ AVX-512DQ is enabled at compile time
✓ AVX-512VBMI2 is enabled in runtime detection and available on this CPU
✓✓ AVX-512VBMI2 is enabled at compile time
CPU features for incomplete-rexl:
  AVX-512DQ: ✓
  AVX-512IFMA: ✓
  AVX-512VBMI2: ✓
  NEON: ✗
Using CRT commitment...
Using parallel commitment...
Expected repetition rate for challenge set: 1.88
Running executor...
TOTAL CRS gen time: 3672294095 ns
TOTAL Commit time: 1722350587 ns
TOTAL Prover time: 11127653263 ns
Total proof size: 100.6220703125 KB
Wire proof size: 112.359375 KB (serialise 0.799 ms, deserialise 0.495 ms)
TOTAL Verifier time: 19313360 ns
