   Compiling rokoko v0.1.0 (/home/osadnim1/cowboys-and-aliens)
    Finished `release` profile [optimized] target(s) in 14.90s
     Running `target/release/rokoko`
Using p28...
Sumcheck unsafe...
✓ AVX-512F is enabled in runtime detection and available on this CPU
✓✓ AVX-512F is enabled at compile time
✓ AVX-512DQ is enabled in runtime detection and available on this CPU
✓✓ AVX-512DQ is enabled at compile time
✓ AVX-512VBMI2 is enabled in runtime detection and available on this CPU
✓✓ AVX-512VBMI2 is enabled at compile time
CPU features for incomplete-rexl:
  AVX-512DQ: ✓
  AVX-512IFMA: ✓
  AVX-512VBMI2: ✓
  NEON: ✗
Using CRT commitment...
Expected repetition rate for challenge set: 1.88
Running executor...
TOTAL CRS gen time: 1824446941 ns
TOTAL Commit time: 4422587123 ns
TOTAL Prover time: 3716212364 ns
Total proof size: 100.4560546875 KB
Wire proof size: 112.216796875 KB (serialise 0.774 ms, deserialise 0.533 ms)
TOTAL Verifier time: 10643553 ns
