   Compiling rokoko v0.1.0 (/home/osadnim1/cowboys-and-aliens)
    Finished `release` profile [optimized] target(s) in 14.84s
     Running `target/release/rokoko`
Using p30...
Sumcheck unsafe...
✓ AVX-512F is enabled in runtime detection and available on this CPU
✓✓ AVX-512F is enabled at compile time
✓ AVX-512DQ is enabled in runtime detection and available on this CPU
✓✓ AVX-512DQ is enabled at compile time
✓ AVX-512VBMI2 is enabled in runtime detection and available on this CPU
✓✓ AVX-512VBMI2 is enabled at compile time
CPU features for incomplete-rexl:
  AVX-512DQ: ✓
  AVX-512IFMA: ✓
  AVX-512VBMI2: ✓
  NEON: ✗
Using CRT commitment...
Expected repetition rate for challenge set: 1.88
Running executor...
TOTAL CRS gen time: 4388410002 ns
TOTAL Commit time: 21665210585 ns
TOTAL Prover time: 11311482669 ns
Total proof size: 100.6220703125 KB
Wire proof size: 112.359375 KB (serialise 0.758 ms, deserialise 0.481 ms)
TOTAL Verifier time: 19083457 ns
